Traceback (most recent call last):
  File "/home/runner/work/Prophet/Prophet/scripts/extract_five_sections_500_v2.py", line 103, in <module>
    if __name__=='__main__':main()
                            ^^^^^^
  File "/home/runner/work/Prophet/Prophet/scripts/extract_five_sections_500_v2.py", line 97, in main
    texts={k:strip_source(fetch(v['url']),k) for k,v in SOURCES.items()}; plans={'light':['anwar'],'prophet':['dinet','draycott','lane'],'messenger':['dinet','draycott','lane'],'human':['dinet','draycott','lane'],'mercy':['dinet','draycott','lane']}; used=set(); drafts=[]
                          ^^^^^^^^^^^^^^^
  File "/home/runner/work/Prophet/Prophet/scripts/extract_five_sections_500_v2.py", line 30, in fetch
    r=urllib.request.Request(url,headers={'User-Agent':'ProphetResearchSite/1.0'}); return urllib.request.urlopen(r,timeout=120).read().decode('utf-8','replace')
                                                                                           ^^^^^^^^^^^^^^^^^^^^^^^^^^^^^^^^^^^^^
  File "/opt/hostedtoolcache/Python/3.12.14/x64/lib/python3.12/urllib/request.py", line 215, in urlopen
    return opener.open(url, data, timeout)
           ^^^^^^^^^^^^^^^^^^^^^^^^^^^^^^^
  File "/opt/hostedtoolcache/Python/3.12.14/x64/lib/python3.12/urllib/request.py", line 521, in open
    response = meth(req, response)
               ^^^^^^^^^^^^^^^^^^^
  File "/opt/hostedtoolcache/Python/3.12.14/x64/lib/python3.12/urllib/request.py", line 630, in http_response
    response = self.parent.error(
               ^^^^^^^^^^^^^^^^^^
  File "/opt/hostedtoolcache/Python/3.12.14/x64/lib/python3.12/urllib/request.py", line 559, in error
    return self._call_chain(*args)
           ^^^^^^^^^^^^^^^^^^^^^^^
  File "/opt/hostedtoolcache/Python/3.12.14/x64/lib/python3.12/urllib/request.py", line 492, in _call_chain
    result = func(*args)
             ^^^^^^^^^^^
  File "/opt/hostedtoolcache/Python/3.12.14/x64/lib/python3.12/urllib/request.py", line 639, in http_error_default
    raise HTTPError(req.full_url, code, msg, hdrs, fp)
urllib.error.HTTPError: HTTP Error 503: Service Unavailable
